======================================================================
(A) wider random ensemble: depth-2 failures among viable configs
======================================================================
scanned 3867; depth-2 failures on viable configs: 3

  q = [2.9802 1.5577 2.7618 0.     0.    ]  R2 = 3.3703
    v[0] = [0.1508 0.     0.4041 0.2308 1.1785]
    v[1] = [5.7402 4.01   0.     0.3608 0.    ]
    v[2] = [0.     6.7668 0.6096 0.     0.7599]
    v[3] = [0.     0.     2.1115 0.0112 0.    ]
  P0 = [0.337 0.337 0.337 0.337 0.337]  witness cycle [1, 3]
    depth 1: survives=False died_t=2
    depth 2: survives=False died_t=4
    depth 3: survives=True  died_t=-
    depth 4: survives=True  died_t=-

  q = [0.062  0.5808 0.1092 0.9709 0.    ]  R2 = 2.1442
    v[0] = [0.0079 0.4257 0.3851 0.     3.7289]
    v[1] = [0.1039 0.1114 0.     0.2836 0.0268]
    v[2] = [0.     0.     0.1688 5.4394 0.1066]
    v[3] = [0.     0.     0.8295 0.     0.    ]
  P0 = [0.2144 0.2144 0.2144 0.2144 0.2144]  witness cycle [0, 1, 2]
    depth 1: survives=False died_t=19
    depth 2: survives=False died_t=20
    depth 3: survives=False died_t=42
    depth 4: survives=False died_t=44

  q = [1.6681 0.1269 0.     0.     0.    ]  R2 = 2.166
    v[0] = [0.2925 0.0174 0.0036 0.     0.    ]
    v[1] = [ 0.0467  0.9216 15.4519 12.6829  0.2102]
    v[2] = [0.9677 0.0038 0.2288 0.0415 0.    ]
  P0 = [0.2166 0.2166 0.2166 0.2166 0.2166]  witness cycle [1, 2, 2]
    depth 1: survives=False died_t=22
    depth 2: survives=False died_t=22
    depth 3: survives=False died_t=22
    depth 4: survives=False died_t=22

======================================================================
(B) designed round-robin commitment family, m drifting axes
======================================================================
  m=2  roundrobin_survives=True   d1:DIE@15  d2:ok  d3:ok
  m=3  roundrobin_survives=True   d1:DIE@15  d2:DIE@15  d3:ok
  m=4  roundrobin_survives=True   d1:DIE@15  d2:DIE@15  d3:DIE@15
  m=5  roundrobin_survives=True   d1:DIE@15  d2:DIE@15  d3:DIE@15
